08:33:29 **** Incremental Build of configuration Debug for project Ejercicio1 ****
make -j7 all 
arm-none-eabi-gcc "../Src/main.c" -mcpu=cortex-m4 -std=gnu11 -g3 -DDEBUG -DSTM32 -DSTM32F429ZITx -DSTM32F4 -DNUCLEO_F429ZI -DUSE_HAL_DRIVER -DSTM32F429xx -c -I../Inc -I"/Users/VictorBelaunde/Documents/BKP Victor 2022/Maestria/PdM/Practicas/PdM/Ejercicio1/Drivers/STM32F4xx_HAL_Driver/Inc" -I"/Users/VictorBelaunde/Documents/BKP Victor 2022/Maestria/PdM/Practicas/PdM/Ejercicio1/Drivers/CMSIS/Include" -I"/Users/VictorBelaunde/Documents/BKP Victor 2022/Maestria/PdM/Practicas/PdM/Ejercicio1/Drivers/CMSIS/Device/ST/STM32F4xx/Include" -I"/Users/VictorBelaunde/Documents/BKP Victor 2022/Maestria/PdM/Practicas/PdM/Ejercicio1/Drivers/BSP/STM32F4xx_Nucleo_144" -I"/Users/VictorBelaunde/Documents/BKP Victor 2022/Maestria/PdM/Practicas/PdM/Ejercicio1/Drivers/Core/Inc" -O0 -ffunction-sections -fdata-sections -Wall -fstack-usage -MMD -MP -MF"Src/main.d" -MT"Src/main.o" --specs=nano.specs -mfpu=fpv4-sp-d16 -mfloat-abi=hard -mthumb -o "Src/main.o"
arm-none-eabi-gcc -o "Ejercicio1.elf" @"objects.list"   -mcpu=cortex-m4 -T"/Users/VictorBelaunde/Documents/BKP Victor 2022/Maestria/PdM/Practicas/PdM/Ejercicio1/STM32F429ZITX_FLASH.ld" --specs=nosys.specs -Wl,-Map="Ejercicio1.map" -Wl,--gc-sections -static --specs=nano.specs -mfpu=fpv4-sp-d16 -mfloat-abi=hard -mthumb -Wl,--start-group -lc -lm -Wl,--end-group
Finished building target: Ejercicio1.elf
 
arm-none-eabi-size   Ejercicio1.elf 
arm-none-eabi-objdump -h -S  Ejercicio1.elf  > "Ejercicio1.list"
   text	   data	    bss	    dec	    hex	filename
   6716	     36	   1572	   8324	   2084	Ejercicio1.elf
Finished building: default.size.stdout
 
Finished building: Ejercicio1.list
 

08:33:30 Build Finished. 0 errors, 0 warnings. (took 924ms)

