22:56:18 **** Incremental Build of configuration Debug for project Ejercicio4_B ****
make -j7 all 
arm-none-eabi-gcc "../Src/main.c" -mcpu=cortex-m4 -std=gnu11 -g3 -DDEBUG -DSTM32 -DSTM32F429ZITx -DSTM32F4 -DNUCLEO_F429ZI -DUSE_HAL_DRIVER -DSTM32F429xx -c -I../Inc -I"/Users/VictorBelaunde/Documents/BKP Victor 2022/Victor/CESE_FIUBA/PdM/Ejercicio4_B/Drivers/STM32F4xx_HAL_Driver/Inc" -I"/Users/VictorBelaunde/Documents/BKP Victor 2022/Victor/CESE_FIUBA/PdM/Ejercicio4_B/Drivers/CMSIS/Include" -I"/Users/VictorBelaunde/Documents/BKP Victor 2022/Victor/CESE_FIUBA/PdM/Ejercicio4_B/Drivers/CMSIS/Device/ST/STM32F4xx/Include" -I"/Users/VictorBelaunde/Documents/BKP Victor 2022/Victor/CESE_FIUBA/PdM/Ejercicio4_B/Drivers/BSP/STM32F4xx_Nucleo_144" -I"/Users/VictorBelaunde/Documents/BKP Victor 2022/Victor/CESE_FIUBA/PdM/Ejercicio4_B/Drivers/Core/Inc" -I"/Users/VictorBelaunde/Documents/BKP Victor 2022/Victor/CESE_FIUBA/PdM/Ejercicio4_B/Drivers/API/Inc" -I"/Users/VictorBelaunde/Documents/BKP Victor 2022/Victor/CESE_FIUBA/PdM/Ejercicio4_B/Drivers/API/Src" -O0 -ffunction-sections -fdata-sections -Wall -fstack-usage -MMD -MP -MF"Src/main.d" -MT"Src/main.o" --specs=nano.specs -mfpu=fpv4-sp-d16 -mfloat-abi=hard -mthumb -o "Src/main.o"
arm-none-eabi-gcc "../Drivers/API/Src/API_debounce.c" -mcpu=cortex-m4 -std=gnu11 -g3 -DDEBUG -DSTM32 -DSTM32F429ZITx -DSTM32F4 -DNUCLEO_F429ZI -DUSE_HAL_DRIVER -DSTM32F429xx -c -I../Inc -I"/Users/VictorBelaunde/Documents/BKP Victor 2022/Victor/CESE_FIUBA/PdM/Ejercicio4_B/Drivers/STM32F4xx_HAL_Driver/Inc" -I"/Users/VictorBelaunde/Documents/BKP Victor 2022/Victor/CESE_FIUBA/PdM/Ejercicio4_B/Drivers/CMSIS/Include" -I"/Users/VictorBelaunde/Documents/BKP Victor 2022/Victor/CESE_FIUBA/PdM/Ejercicio4_B/Drivers/CMSIS/Device/ST/STM32F4xx/Include" -I"/Users/VictorBelaunde/Documents/BKP Victor 2022/Victor/CESE_FIUBA/PdM/Ejercicio4_B/Drivers/BSP/STM32F4xx_Nucleo_144" -I"/Users/VictorBelaunde/Documents/BKP Victor 2022/Victor/CESE_FIUBA/PdM/Ejercicio4_B/Drivers/Core/Inc" -I"/Users/VictorBelaunde/Documents/BKP Victor 2022/Victor/CESE_FIUBA/PdM/Ejercicio4_B/Drivers/API/Inc" -I"/Users/VictorBelaunde/Documents/BKP Victor 2022/Victor/CESE_FIUBA/PdM/Ejercicio4_B/Drivers/API/Src" -O0 -ffunction-sections -fdata-sections -Wall -fstack-usage -MMD -MP -MF"Drivers/API/Src/API_debounce.d" -MT"Drivers/API/Src/API_debounce.o" --specs=nano.specs -mfpu=fpv4-sp-d16 -mfloat-abi=hard -mthumb -o "Drivers/API/Src/API_debounce.o"
arm-none-eabi-gcc -o "Ejercicio4_B.elf" @"objects.list"   -mcpu=cortex-m4 -T"/Users/VictorBelaunde/Documents/BKP Victor 2022/Victor/CESE_FIUBA/PdM/Ejercicio4_B/STM32F429ZITX_FLASH.ld" --specs=nosys.specs -Wl,-Map="Ejercicio4_B.map" -Wl,--gc-sections -static --specs=nano.specs -mfpu=fpv4-sp-d16 -mfloat-abi=hard -mthumb -Wl,--start-group -lc -lm -Wl,--end-group
Finished building target: Ejercicio4_B.elf
 
arm-none-eabi-size   Ejercicio4_B.elf 
arm-none-eabi-objdump -h -S  Ejercicio4_B.elf  > "Ejercicio4_B.list"
   text	   data	    bss	    dec	    hex	filename
   7096	     36	   1596	   8728	   2218	Ejercicio4_B.elf
Finished building: default.size.stdout
 
Finished building: Ejercicio4_B.list
 

22:56:20 Build Finished. 0 errors, 0 warnings. (took 1s.61ms)

