09:04:12 **** Incremental Build of configuration Debug for project Ejercicio4 ****
make -j7 all 
arm-none-eabi-gcc "../Src/main.c" -mcpu=cortex-m4 -std=gnu11 -g3 -DDEBUG -DSTM32 -DSTM32F429ZITx -DSTM32F4 -DNUCLEO_F429ZI -DUSE_HAL_DRIVER -DSTM32F429xx -c -I../Inc -I"/Users/VictorBelaunde/Documents/BKP Victor 2022/Victor/CESE_FIUBA/PdM/Ejercicio4/Drivers/STM32F4xx_HAL_Driver/Inc" -I"/Users/VictorBelaunde/Documents/BKP Victor 2022/Victor/CESE_FIUBA/PdM/Ejercicio4/Drivers/CMSIS/Include" -I"/Users/VictorBelaunde/Documents/BKP Victor 2022/Victor/CESE_FIUBA/PdM/Ejercicio4/Drivers/CMSIS/Device/ST/STM32F4xx/Include" -I"/Users/VictorBelaunde/Documents/BKP Victor 2022/Victor/CESE_FIUBA/PdM/Ejercicio4/Drivers/BSP/STM32F4xx_Nucleo_144" -I"/Users/VictorBelaunde/Documents/BKP Victor 2022/Victor/CESE_FIUBA/PdM/Ejercicio4/Drivers/Core/Inc" -I"/Users/VictorBelaunde/Documents/BKP Victor 2022/Victor/CESE_FIUBA/PdM/Ejercicio4/Drivers/API/Inc" -I"/Users/VictorBelaunde/Documents/BKP Victor 2022/Victor/CESE_FIUBA/PdM/Ejercicio4/Drivers/API/Src" -O0 -ffunction-sections -fdata-sections -Wall -fstack-usage -MMD -MP -MF"Src/main.d" -MT"Src/main.o" --specs=nano.specs -mfpu=fpv4-sp-d16 -mfloat-abi=hard -mthumb -o "Src/main.o"
arm-none-eabi-gcc -o "Ejercicio4.elf" @"objects.list"   -mcpu=cortex-m4 -T"/Users/VictorBelaunde/Documents/BKP Victor 2022/Victor/CESE_FIUBA/PdM/Ejercicio4/STM32F429ZITX_FLASH.ld" --specs=nosys.specs -Wl,-Map="Ejercicio4.map" -Wl,--gc-sections -static --specs=nano.specs -mfpu=fpv4-sp-d16 -mfloat-abi=hard -mthumb -Wl,--start-group -lc -lm -Wl,--end-group
Finished building target: Ejercicio4.elf
 
arm-none-eabi-size   Ejercicio4.elf 
arm-none-eabi-objdump -h -S  Ejercicio4.elf  > "Ejercicio4.list"
   text	   data	    bss	    dec	    hex	filename
   6988	     36	   1588	   8612	   21a4	Ejercicio4.elf
Finished building: default.size.stdout
 
Finished building: Ejercicio4.list
 

09:04:12 Build Finished. 0 errors, 0 warnings. (took 775ms)

